../Core/Src/main.c:121:6:SetPixelColor	0	static
../Core/Src/main.c:126:6:HAL_CAN_RxFifo0MsgPendingCallback	16	static
../Core/Src/main.c:142:6:HAL_TIM_PWM_PulseFinishedCallback	8	static
../Core/Src/main.c:181:6:updateLight	24	static
../Core/Src/main.c:157:6:updateBrake	0	static
../Core/Src/main.c:217:6:updateDash	0	static
../Core/Src/main.c:335:6:SystemClock_Config	72	static,ignoring_inline_asm
../Core/Src/main.c:257:5:main	72	static,ignoring_inline_asm
../Core/Src/main.c:532:6:Error_Handler	0	static,ignoring_inline_asm
