../Core/Src/main.c:123:6:SetPixelColor	0	static
../Core/Src/main.c:128:6:HAL_CAN_RxFifo0MsgPendingCallback	16	static
../Core/Src/main.c:147:6:HAL_TIM_PWM_PulseFinishedCallback	8	static
../Core/Src/main.c:186:6:updateLight	16	static
../Core/Src/main.c:162:6:updateBrake	0	static
../Core/Src/main.c:222:6:updateDash	4	static
../Core/Src/main.c:391:6:SystemClock_Config	80	static,ignoring_inline_asm
../Core/Src/main.c:283:5:main	104	static,ignoring_inline_asm
../Core/Src/main.c:588:6:Error_Handler	0	static,ignoring_inline_asm
