../Core/Src/main.c:110:6:SetPixelColor	16	static
../Core/Src/main.c:116:6:HAL_CAN_RxFifo0MsgPendingCallback	16	static
../Core/Src/main.c:127:6:HAL_TIM_PWM_PulseFinishedCallback	16	static
../Core/Src/main.c:151:6:LightsInit	16	static
../Core/Src/main.c:166:5:main	8	static
../Core/Src/main.c:216:6:SystemClock_Config	72	static
../Core/Src/main.c:255:13:MX_CAN_Init	8	static
../Core/Src/main.c:292:13:MX_TIM3_Init	48	static
../Core/Src/main.c:343:13:MX_DMA_Init	16	static
../Core/Src/main.c:364:13:MX_GPIO_Init	32	static
../Core/Src/main.c:408:6:Error_Handler	4	static,ignoring_inline_asm
