../Core/Src/main.c:112:6:SetPixelColor	1
../Core/Src/main.c:118:6:HAL_CAN_RxFifo0MsgPendingCallback	3
../Core/Src/main.c:129:6:HAL_TIM_PWM_PulseFinishedCallback	6
../Core/Src/main.c:153:6:LightsInit	2
../Core/Src/main.c:162:6:updateLight	6
../Core/Src/main.c:198:6:updateDash	13
../Core/Src/main.c:264:5:main	14
../Core/Src/main.c:372:6:SystemClock_Config	3
../Core/Src/main.c:411:13:MX_CAN_Init	2
../Core/Src/main.c:463:13:MX_TIM3_Init	5
../Core/Src/main.c:514:13:MX_DMA_Init	1
../Core/Src/main.c:535:13:MX_GPIO_Init	1
../Core/Src/main.c:579:6:Error_Handler	1
