../Core/Src/main.c:111:6:SetPixelColor	1
../Core/Src/main.c:117:6:HAL_CAN_RxFifo0MsgPendingCallback	3
../Core/Src/main.c:128:6:HAL_TIM_PWM_PulseFinishedCallback	6
../Core/Src/main.c:152:6:LightsInit	2
../Core/Src/main.c:161:6:updateLight	6
../Core/Src/main.c:197:6:updateDash	13
../Core/Src/main.c:269:5:main	1
../Core/Src/main.c:319:6:SystemClock_Config	3
../Core/Src/main.c:358:13:MX_CAN_Init	2
../Core/Src/main.c:395:13:MX_TIM3_Init	5
../Core/Src/main.c:446:13:MX_DMA_Init	1
../Core/Src/main.c:467:13:MX_GPIO_Init	1
../Core/Src/main.c:511:6:Error_Handler	1
